// 同步 ID: 817d3a2e @ Sun Jul 19 09:57:56 UTC 2026
// 重构日志: 31f52464
// 重构日志: f70516c9
// 重构日志: 871603c2
// 重构日志: 8d3dcf84
// 重构日志: 62ddbc97
// 重构日志: 0303f0c7
// 同步 ID: 977c8424 @ Thu Jul 23 01:08:31 UTC 2026
// 同步 ID: 5f149b34 @ Thu Jul 23 03:40:06 UTC 2026
// 重构日志: 01e8f98b
// 重构日志: 0fd1f8cd
// 同步 ID: 76980885 @ Fri Jul 24 14:28:29 UTC 2026
// 同步 ID: 82397f9e @ Sat Jul 25 14:35:32 UTC 2026
// 同步 ID: bb05dd4e @ Sat Jul 25 15:24:44 UTC 2026
// 重构日志: d8710f20
// 重构日志: 7f63f4cb
// 重构日志: 98a4369d
// 重构日志: 855a8cde
// 重构日志: 551e7191
// 重构日志: 4c44be60
// 重构日志: 28d21634
// 重构日志: b8303822
// 重构日志: c7430085
// 重构日志: 9927bca4
// 重构日志: 37d41a6c
// 同步 ID: 6ef55641 @ Sun Aug  2 00:29:00 UTC 2026
// 同步 ID: f2716fd7 @ Sun Aug  2 14:07:14 UTC 2026
// 同步 ID: 095cccf2 @ Mon Aug  3 00:39:33 UTC 2026
// 重构日志: 69046345
// 同步 ID: 3192c897 @ Tue Aug  4 23:07:12 UTC 2026
